============================================================
修复后回归测试 - 剧场排练厅预约系统
============================================================

[Test 1] 草稿在非开放时段（周二 07:00-08:00）应被拒绝
------------------------------------------------------------
  状态码: 409
  [OK] 被成功拒绝！预期 409，实际 409
  错误信息: 周二 07:00-08:00 不在开放时段内（可预约时段：09:00-12:00, 14:00-18:00, 19:00-22:00）
    - 周二 07:00-08:00 不在开放时段内（可预约时段：09:00-12:00, 14:00-18:00, 19:00-22:00）

[Test 2] 待审在非开放时段（周二 07:30-08:30）应被拒绝
------------------------------------------------------------
  状态码: 409
  [OK] 被成功拒绝！预期 409，实际 409
  错误信息: 周二 07:30-08:30 不在开放时段内（可预约时段：09:00-12:00, 14:00-18:00, 19:00-22:00）
    - 周二 07:30-08:30 不在开放时段内（可预约时段：09:00-12:00, 14:00-18:00, 19:00-22:00）

[Test 3] 在开放时段内的草稿和待审都应该成功
------------------------------------------------------------
  开放时段草稿: 状态码=200
  [OK] 草稿创建成功，ID=25，状态=draft
  开放时段待审: 状态码=200
  [OK] 待审创建成功，ID=26，状态=pending

[Test 4] 管理员确认待审预约
------------------------------------------------------------
  确认状态码: 200
  [OK] 已确认，ID=26，状态=confirmed，版本=2

[Test 5] 已确认预约改期（改到非开放时段）应被拒绝
------------------------------------------------------------
  状态码: 409
  [OK] 改到非开放时段被成功拒绝！预期 409，实际 409
  错误信息: 周二 07:00-08:00 不在开放时段内（可预约时段：09:00-12:00, 14:00-18:00, 19:00-22:00）
    - 周二 07:00-08:00 不在开放时段内（可预约时段：09:00-12:00, 14:00-18:00, 19:00-22:00）

[Test 6] 已确认预约改期（改到开放时段）后状态应为 'rescheduling'
------------------------------------------------------------
  状态码: 409
Traceback (most recent call last):
  File "D:\workSpace\AI__SPACE\02-label\zgw-00143\backend\test_regression_after.py", line 174, in <module>
    assert r_resched_good.status_code == 200, f"改期失败: {r_resched_good.text}"
           ^^^^^^^^^^^^^^^^^^^^^^^^^^^^^^^^^
AssertionError: 改期失败: {"detail":{"message":"新时段存在冲突","conflicts":[{"booking_id":23,"title":"回归测试-开放时段待审","production":"回归测试剧目","start_time":"2026-06-18T10:00:00","end_time":"2026-06-18T12:00:00","user_name":"李四","venue_name":"二号排练厅"}]}}
